+-------------------------------------+---------------------------------------------------------------------------------------------------------+
| Argument                            | Value                                                                                                   |
+=====================================+=========================================================================================================+
| in_tr_dir                           | /workspace/scratch/4578f81f7dfe/review_fix_evidence/synthetic/train/denoised_raw_images                 |
+-------------------------------------+---------------------------------------------------------------------------------------------------------+
| gt_tr_dir                           | /workspace/scratch/4578f81f7dfe/review_fix_evidence/synthetic/train/srgb_images_style_0                 |
+-------------------------------------+---------------------------------------------------------------------------------------------------------+
| data_tr_dir                         | /workspace/scratch/4578f81f7dfe/review_fix_evidence/synthetic/train/data                                |
+-------------------------------------+---------------------------------------------------------------------------------------------------------+
| in_vl_dir                           | /workspace/scratch/4578f81f7dfe/review_fix_evidence/synthetic/validation/denoised_raw_images            |
+-------------------------------------+---------------------------------------------------------------------------------------------------------+
| gt_vl_dir                           | /workspace/scratch/4578f81f7dfe/review_fix_evidence/synthetic/validation/srgb_images_style_0            |
+-------------------------------------+---------------------------------------------------------------------------------------------------------+
| data_vl_dir                         | /workspace/scratch/4578f81f7dfe/review_fix_evidence/synthetic/validation/data                           |
+-------------------------------------+---------------------------------------------------------------------------------------------------------+
| use_3d_lut                          | False                                                                                                   |
+-------------------------------------+---------------------------------------------------------------------------------------------------------+
| epochs                              | 1                                                                                                       |
+-------------------------------------+---------------------------------------------------------------------------------------------------------+
| batch_size                          | 1                                                                                                       |
+-------------------------------------+---------------------------------------------------------------------------------------------------------+
| lr                                  | 0.0001                                                                                                  |
+-------------------------------------+---------------------------------------------------------------------------------------------------------+
| loss_family                         | original                                                                                                |
+-------------------------------------+---------------------------------------------------------------------------------------------------------+
| optimizer                           | adam                                                                                                    |
+-------------------------------------+---------------------------------------------------------------------------------------------------------+
| l2_r                                | 1e-07                                                                                                   |
+-------------------------------------+---------------------------------------------------------------------------------------------------------+
| load                                | /workspace/scratch/4578f81f7dfe/modular_neural_isp/photofinishing/models/photofinishing_s24-style-0.pth |
+-------------------------------------+---------------------------------------------------------------------------------------------------------+
| val_frq                             | 1                                                                                                       |
+-------------------------------------+---------------------------------------------------------------------------------------------------------+
| in_sz                               | 256                                                                                                     |
+-------------------------------------+---------------------------------------------------------------------------------------------------------+
| eval_size                           | 256                                                                                                     |
+-------------------------------------+---------------------------------------------------------------------------------------------------------+
| temp_folder                         | ps_temp_h5                                                                                              |
+-------------------------------------+---------------------------------------------------------------------------------------------------------+
| overwrite_temp_folder               | False                                                                                                   |
+-------------------------------------+---------------------------------------------------------------------------------------------------------+
| extract_patches                     | False                                                                                                   |
+-------------------------------------+---------------------------------------------------------------------------------------------------------+
| no_tensorboard                      | False                                                                                                   |
+-------------------------------------+---------------------------------------------------------------------------------------------------------+
| delete_temp_folder                  | False                                                                                                   |
+-------------------------------------+---------------------------------------------------------------------------------------------------------+
| l1_loss_weight                      | 2.5                                                                                                     |
+-------------------------------------+---------------------------------------------------------------------------------------------------------+
| ssim_loss_weight                    | 0.5                                                                                                     |
+-------------------------------------+---------------------------------------------------------------------------------------------------------+
| delta_e_loss_weight                 | 0.02                                                                                                    |
+-------------------------------------+---------------------------------------------------------------------------------------------------------+
| perceptual_loss_weight              | 0.01                                                                                                    |
+-------------------------------------+---------------------------------------------------------------------------------------------------------+
| cbcr_loss_weight                    | 1.0                                                                                                     |
+-------------------------------------+---------------------------------------------------------------------------------------------------------+
| lut_smoothness_loss_weight          | 0.06                                                                                                    |
+-------------------------------------+---------------------------------------------------------------------------------------------------------+
| tm_loss_weight                      | 0.5                                                                                                     |
+-------------------------------------+---------------------------------------------------------------------------------------------------------+
| ltm_smoothness_loss_weight          | 0.6                                                                                                     |
+-------------------------------------+---------------------------------------------------------------------------------------------------------+
| luma_energy_consistency_loss_weight | 0.2                                                                                                     |
+-------------------------------------+---------------------------------------------------------------------------------------------------------+
| exp_name                            | exp_001                                                                                                 |
+-------------------------------------+---------------------------------------------------------------------------------------------------------+
| output_dir                          | /workspace/scratch/4578f81f7dfe/review_fix_evidence/synthetic/campaign_runs/exp_001/train               |
+-------------------------------------+---------------------------------------------------------------------------------------------------------+
| num_workers                         | 0                                                                                                       |
+-------------------------------------+---------------------------------------------------------------------------------------------------------+
| seed                                | 7                                                                                                       |
+-------------------------------------+---------------------------------------------------------------------------------------------------------+
| load_config_dir                     | /workspace/scratch/4578f81f7dfe/modular_neural_isp/photofinishing/config                                |
+-------------------------------------+---------------------------------------------------------------------------------------------------------+INFO: Using device cpu
INFO: Training of photofinishing module -- model name: photofinishing_exp_001 ...
INFO: Model loaded from /workspace/scratch/4578f81f7dfe/modular_neural_isp/photofinishing/models/photofinishing_s24-style-0.pth
INFO: Found complete pre-extracted batches in /workspace/scratch/4578f81f7dfe/review_fix_evidence/synthetic/train/ps_temp_h5_srgb_images_style_0_bs_1_sz_256; skipping reprocessing.
INFO: Found complete pre-extracted batches in /workspace/scratch/4578f81f7dfe/review_fix_evidence/synthetic/validation/ps_temp_h5_srgb_images_style_0_bs_1_sz_256; skipping reprocessing.

Total number of default network params: 207224
---------------------------------------------------------
Gain network params: 6587
LTM network params: 120215
GTM network params: 28369
LuT network params: 45466
Gamma network params: 6587


----------------------------------------------------------------------------------------------------
Training on 256x256 images ...

----------------------------------------------------------------------------------------------------

Epoch 1/1:   0%|          | 0/2 [00:00<?, ?img/s]Epoch 1/1:   0%|          | 0/2 [00:05<?, ?img/s, l1=0.1909, ssim=0.0378, delta-e=0.3635, vgg=0.0068, cbcr=0.0511, lut-smoothness=0.0012, luma-energy-consistency=0.0075, ltm-smoothness=0.0008, tm=0.0373, total=0.6969, psnr=19.8421]Epoch 1/1:  50%|█████     | 1.0/2 [00:09<00:09,  9.69s/img, l1=0.1909, ssim=0.0378, delta-e=0.3635, vgg=0.0068, cbcr=0.0511, lut-smoothness=0.0012, luma-energy-consistency=0.0075, ltm-smoothness=0.0008, tm=0.0373, total=0.6969, psnr=19.8421]Epoch 1/1:  50%|█████     | 1.0/2 [00:12<00:09,  9.69s/img, l1=0.1768, ssim=0.0283, delta-e=0.2916, vgg=0.0063, cbcr=0.0404, lut-smoothness=0.0012, luma-energy-consistency=0.0055, ltm-smoothness=0.0009, tm=0.0495, total=0.6003, psnr=21.3871]Epoch 1/1: 100%|██████████| 2.0/2 [00:15<00:00,  7.25s/img, l1=0.1768, ssim=0.0283, delta-e=0.2916, vgg=0.0063, cbcr=0.0404, lut-smoothness=0.0012, luma-energy-consistency=0.0055, ltm-smoothness=0.0009, tm=0.0495, total=0.6003, psnr=21.3871]Epoch 1/1: 100%|██████████| 2.0/2 [00:15<00:00,  7.61s/img, l1=0.1768, ssim=0.0283, delta-e=0.2916, vgg=0.0063, cbcr=0.0404, lut-smoothness=0.0012, luma-energy-consistency=0.0055, ltm-smoothness=0.0009, tm=0.0495, total=0.6003, psnr=21.3871]
INFO: Validation: {'l1': 0.15126454830169678, 'ssim': 0.02202722430229187, 'delta-e': 0.24696724116802216, 'vgg': 0.006334235891699791, 'cbcr': 0.0331510454416275, 'lut-smoothness': 0.001154152094386518, 'luma-energy-consistency': 0.003281331155449152, 'ltm-smoothness': 0.0008876248612068594, 'tm': 0.048981472849845886, 'total': 0.5140488147735596, 'mean_per_image_psnr': 22.674457685338414, 'mean_psnr': 22.674457685338414, 'num_images': 1, 'finite': True, 'psnr': 22.674457685338414}
INFO: Checkpoint 1 saved!
INFO: Saved trained model!
INFO: End of training.

----------------------------------------------------------------------------------------------------

----------------------------------------------------------------------------------------------------

